
> portfolio@0.0.0 build
> vite build

[36mvite v7.3.1 [32mbuilding client environment for production...[36m[39m
transforming...
[32mÔ£ô[39m 2131 modules transformed.
node.exe : [31mÔ£ù[39
m Build failed in 1.54s
At line:1 char:1
+ & "C:\Program Files\n
odejs/node.exe" "C:\Pro
gram Files\nodejs/node_
mo ...
+ ~~~~~~~~~~~~~~~~~~~~~
~~~~~~~~~~~~~~~~~~~~~~~
~~~~~~~~~~~~~~~~~~~~~~~
~~
    + CategoryInfo     
         : NotSpecifi  
  ed: ([31mÔ£ù[39m   
  Build failed in 1    
.54s:String) [], R    e
moteException
    + FullyQualifiedEr 
   rorId : NativeComm  
  andError
 
[31merror during build
:
[31msrc/components/Mar
ketplace.jsx (3:18): "A
rrowTrendingUp" is not 
exported by "node_modul
es/lucide-react/dist/es
m/lucide-react.js", imp
orted by "src/component
s/Marketplace.jsx".[31
m
file: [36mC:/Users/Ata
kan/Desktop/P├Ârfolyo/s
rc/components/Marketpla
ce.jsx:3:18[31m
[33m
1: import React, { useS
tate } from 'react';
2: import { motion, Ani
matePresence } from 'fr
amer-motion';
3: import { Tv, Bot, Ar
rowTrendingUp, PenTool,
 Sparkles, CreditCard }
 from 'lucide-react';
                     ^
4: 
5: const products = [
[31m
    at getRollupError (
file:///C:/Users/Atakan
/Desktop/P%C3%B6rfolyo/
node_modules/rollup/dis
t/es/shared/parseAst.js
:402:41)
    at error (file:///C
:/Users/Atakan/Desktop/
P%C3%B6rfolyo/node_modu
les/rollup/dist/es/shar
ed/parseAst.js:398:42)
    at Module.error (fi
le:///C:/Users/Atakan/D
esktop/P%C3%B6rfolyo/no
de_modules/rollup/dist/
es/shared/node-entry.js
:17040:16)
    at Module.traceVari
able (file:///C:/Users/
Atakan/Desktop/P%C3%B6r
folyo/node_modules/roll
up/dist/es/shared/node-
entry.js:17452:29)
    at ModuleScope.find
Variable (file:///C:/Us
ers/Atakan/Desktop/P%C3
%B6rfolyo/node_modules/
rollup/dist/es/shared/n
ode-entry.js:15070:39)
    at Identifier.bind 
(file:///C:/Users/Ataka
n/Desktop/P%C3%B6rfolyo
/node_modules/rollup/di
st/es/shared/node-entry
.js:5447:40)
    at Property.bind (f
ile:///C:/Users/Atakan/
Desktop/P%C3%B6rfolyo/n
ode_modules/rollup/dist
/es/shared/node-entry.j
s:2829:23)
    at ObjectExpression
.bind (file:///C:/Users
/Atakan/Desktop/P%C3%B6
rfolyo/node_modules/rol
lup/dist/es/shared/node
-entry.js:2825:28)
    at ArrayExpression.
bind (file:///C:/Users/
Atakan/Desktop/P%C3%B6r
folyo/node_modules/roll
up/dist/es/shared/node-
entry.js:2825:28)
    at VariableDeclarat
or.bind (file:///C:/Use
rs/Atakan/Desktop/P%C3%
B6rfolyo/node_modules/r
ollup/dist/es/shared/no
de-entry.js:2829:23)[3
9m
